
> tools_project@0.1.0 build
> next build

Γû▓ Next.js 16.2.0 (Turbopack)
- Environments: .env.local

  Creating an optimized production build ...

> Build error occurred
Error: Turbopack build failed with 11 errors:
./src/app/construction/concrete-volume-calculator/components/ConcreteVolumeCalculator.tsx:355:15
Expected '</', got 'jsx text'
  [90m353 |[0m           </div>
  [90m354 |[0m         </div>
[31m[1m>[0m [90m355 |[0m       </aside>
  [90m    |[0m               [31m[1m^^^^^^^^^^^^^^^^^^^^^^^^^^^^^^^^^^^^^^^^^^^^^^^^^^^^^^^^^^^^^^^^^^^^^^^^^^^^^^[0m
[31m[1m>[0m [90m356 |[0m     </div>
  [90m    |[0m [31m[1m^^^^[0m
  [90m357 |[0m   );
  [90m358 |[0m }
  [90m359 |[0m

Parsing ecmascript source code failed

Import trace:
  Server Component:
    ./src/app/construction/concrete-volume-calculator/components/ConcreteVolumeCalculator.tsx
    ./src/app/construction/concrete-volume-calculator/page.tsx


./src/app/construction/brick-block-quantity-calculator/page.tsx:194:23
Expected corresponding JSX closing tag for <div>
  [90m192 |[0m [32m          </div>[0m
  [90m193 |[0m [32m        </div>[0m
[31m[1m>[0m [90m194 |[0m [32m      </section>    </section>[0m
  [90m    |[0m                       [31m[1m^^^^^^^[0m
  [90m195 |[0m
  [90m196 |[0m [32m      {/* FAQ Grid */}[0m
  [90m197 |[0m [32m      <section className="glass-card rounded-[3rem] border border-border/80 p-8 sm:p-16">[0m

Parsing ecmascript source code failed


./src/app/construction/fence-material-calculator/page.tsx:123:31
Expression expected
  [90m121 |[0m       </section>
  [90m122 |[0m
[31m[1m>[0m [90m123 |[0m       <[33mFenceMaterialCalc[0m      <section className=[32m"glass-card rounded-[3rem] border border...[0m
  [90m    |[0m                               [31m[1m^[0m
  [90m124 |[0m         <div className=[32m"prose prose-slate prose-xl max-w-none prose-headings:font-black p...[0m
  [90m125 |[0m           <h2 className=[32m"text-4xl text-foreground italic"[0m>[33mThe[0m [33mArchitect[0m[32m's Perimeter: A De...[0m
  [90m126 |[0m [32m          <p>[0m

Parsing ecmascript source code failed


./src/app/construction/room-area-calculator/page.tsx:161:7
Expression expected
  [90m159 |[0m       </section>
  [90m160 |[0m
[31m[1m>[0m [90m161 |[0m       <[33mRelatedToolsSection[0m category=[32m"Construction"[0m categoryHref=[32m"/construction"[0m currentPa...
  [90m    |[0m       [31m[1m^[0m
  [90m162 |[0m     </div>
  [90m163 |[0m   );
  [90m164 |[0m }

Parsing ecmascript source code failed


./src/app/construction/staircase-calculator/page.tsx:123:14
Expression expected
  [90m121 |[0m       </section>
  [90m122 |[0m
[31m[1m>[0m [90m123 |[0m       <      <section className=[32m"glass-card rounded-[3rem] border border-border/80 p-8 sm...[0m
  [90m    |[0m              [31m[1m^[0m
  [90m124 |[0m         <div className=[32m"prose prose-slate prose-xl max-w-none prose-headings:font-black p...[0m
  [90m125 |[0m           <h2 className=[32m"text-4xl text-foreground italic"[0m>[33mGravity[0m vs. [33mGeometry[0m: [33mThe[0m [33mProfe...[0m
  [90m126 |[0m [32m          <p>[0m

Parsing ecmascript source code failed


./src/app/construction/wallpaper-calculator/page.tsx:166:7
Expression expected
  [90m164 |[0m       </section>
  [90m165 |[0m
[31m[1m>[0m [90m166 |[0m       <[33mRelatedToolsSection[0m category=[32m"Construction"[0m categoryHref=[32m"/construction"[0m currentPa...
  [90m    |[0m       [31m[1m^[0m
  [90m167 |[0m     </div>
  [90m168 |[0m   );
  [90m169 |[0m }

Parsing ecmascript source code failed


./src/app/construction/flooring-material-calculator/components/FlooringMaterialCalculator.tsx:294:16
Unexpected token. Did you mean `{'>'}` or `&gt;`?
  [90m292 |[0m         <pattern id=[32m"tile"[0m x=[32m"0"[0m y=[32m"0"[0m width=[32m"40"[0m height=[32m"40"[0m patternUnits=[32m"userSpaceOnUse"[0m>
  [90m293 |[0m           <rect width=[32m"38"[0m height=[32m"38"[0m fill={color} />
[31m[1m>[0m [90m294 |[0m         pattern>
  [90m    |[0m                [31m[1m^[0m
  [90m295 |[0m       </defs>
  [90m296 |[0m       
  [90m297 |[0m       <rect

Parsing ecmascript source code failed

Import trace:
  Server Component:
    ./src/app/construction/flooring-material-calculator/components/FlooringMaterialCalculator.tsx
    ./src/app/construction/flooring-material-calculator/page.tsx


./src/app/construction/gravel-mulch-volume-calculator/page.tsx:181:21
Unexpected token. Did you mean `{'>'}` or `&gt;`?
  [90m179 |[0m           ))}
  [90m180 |[0m         </div>
[31m[1m>[0m [90m181 |[0m       </section>icle>
  [90m    |[0m                     [31m[1m^[0m
  [90m182 |[0m             ))}
  [90m183 |[0m           </div>
  [90m184 |[0m         </div>

Parsing ecmascript source code failed


./src/app/construction/room-area-calculator/page.tsx:158:18
Unexpected token. Did you mean `{'>'}` or `&gt;`?
  [90m156 |[0m           ))}
  [90m157 |[0m         </div>
[31m[1m>[0m [90m158 |[0m       </section>v>
  [90m    |[0m                  [31m[1m^[0m
  [90m159 |[0m       </section>
  [90m160 |[0m
  [90m161 |[0m       <[33mRelatedToolsSection[0m category=[32m"Construction"[0m categoryHref=[32m"/construction"[0m currentPa...

Parsing ecmascript source code failed


./src/app/construction/gravel-mulch-volume-calculator/page.tsx:182:15
Unexpected token. Did you mean `{'}'}` or `&rbrace;`?
  [90m180 |[0m         </div>
  [90m181 |[0m       </section>icle>
[31m[1m>[0m [90m182 |[0m             ))}
  [90m    |[0m               [31m[1m^[0m
  [90m183 |[0m           </div>
  [90m184 |[0m         </div>
  [90m185 |[0m       </section>

Parsing ecmascript source code failed


./src/app/construction/gravel-mulch-volume-calculator/page.tsx:184:10
Unterminated regexp literal
  [90m182 |[0m             ))}
  [90m183 |[0m           </div>
[31m[1m>[0m [90m184 |[0m         </div>
  [90m    |[0m          [31m[1m^^^^^[0m
  [90m185 |[0m       </section>
  [90m186 |[0m
  [90m187 |[0m       <[33mRelatedToolsSection[0m category=[32m"Construction"[0m categoryHref=[32m"/construction"[0m currentPa...

Parsing ecmascript source code failed


    at <unknown> (./src/app/construction/concrete-volume-calculator/components/ConcreteVolumeCalculator.tsx:355:15)
    at <unknown> (./src/app/construction/brick-block-quantity-calculator/page.tsx:194:23)
    at <unknown> (./src/app/construction/fence-material-calculator/page.tsx:123:31)
    at <unknown> (./src/app/construction/room-area-calculator/page.tsx:161:7)
    at <unknown> (./src/app/construction/staircase-calculator/page.tsx:123:14)
    at <unknown> (./src/app/construction/wallpaper-calculator/page.tsx:166:7)
    at <unknown> (./src/app/construction/flooring-material-calculator/components/FlooringMaterialCalculator.tsx:294:16)
    at <unknown> (./src/app/construction/gravel-mulch-volume-calculator/page.tsx:181:21)
    at <unknown> (./src/app/construction/room-area-calculator/page.tsx:158:18)
    at <unknown> (./src/app/construction/gravel-mulch-volume-calculator/page.tsx:182:15)
    at <unknown> (./src/app/construction/gravel-mulch-volume-calculator/page.tsx:184:10)
